<div class="header"><p>My name is Daniel Beauchamp</p></div>